---
source: nai-tokenizers/src/lib.rs
expression: output
---
[gMASK]<sop><|system|>
You are a helpful math tutor.<|user|>
What is 15 * 24?/nothink<|assistant|>
<think></think>
The answer is 360.
