---
source: nai-tokenizers/tests/glm45_template_tests.rs
expression: output
---
[gMASK]<sop><|system|>
You are a helpful AI assistant.<|user|>
Solve this: 2 + 2<|assistant|>
