---
source: nai-tokenizers/tests/glm45_template_tests.rs
expression: output
---
[gMASK]<sop><|user|>
What is 144 / 12?<|assistant|>
<think>144 / 12 = 12</think>
The answer is
