---
source: nai-tokenizers/tests/glm45_template_tests.rs
expression: output
---
[gMASK]<sop><|system|>
You are a helpful coding assistant.<|user|>
How do I reverse a string in Python?/nothink<|assistant|>
<think></think>
Use slicing: `s[::-1]`<|user|>
What about in JavaScript?/nothink<|assistant|>
<think></think>
Use: `str.split('').reverse().join('')`<|user|>
Thanks! One more: Rust?/nothink<|assistant|>
<think></think>
