---
source: nai-tokenizers/tests/glm45_template_tests.rs
expression: output
---
[gMASK]<sop><|user|>
Is 97 prime?<|assistant|>
<think>Let me check divisibility...
