---
source: nai-tokenizers/tests/glm45_template_tests.rs
expression: output
---
[gMASK]<sop><|system|>
You are a helpful math tutor.<|user|>
What is 15 * 24?/nothink<|assistant|>
<think></think>
The answer is 360.
