---
source: nai-tokenizers/tests/glm45_template_tests.rs
expression: output
---
[gMASK]<sop><|user|>
Is 13 prime?<|assistant|>
<think></think>
Yes, 13 is prime.<|user|>
What about 21?<|assistant|>
