---
source: nai-tokenizers/tests/glm45_template_tests.rs
expression: output
---
[gMASK]<sop><|system|>
<|user|>
Hello!/nothink<|assistant|>
<think></think>
