---
source: nai-tokenizers/tests/glm45_template_tests.rs
expression: output
---
[gMASK]<sop><|user|>
Calculate 30 * 12/nothink<|assistant|>
<think></think>
The answer is 360.
