---
source: nai-tokenizers/src/lib.rs
expression: output
---
[gMASK]<sop><|user|>
What's the weather like?/nothink<|assistant|>
<think></think>
I don't have real-time data.<|user|>
Make a guess?/nothink<|assistant|>
<think></think>
