---
source: nai-tokenizers/src/lib.rs
expression: output
---
[gMASK]<sop><|system|>
You are a helpful assistant.<|user|>
Hello, how are you?/nothink<|assistant|>
<think></think>
